---
source: miniml-syntax/src/reader/lexer.rs
expression: lexer.collect_vec()
---
[
    Token {
        kind: LParen,
        span: 0..1,
    },
    Token {
        kind: Symbol(
            InternedString(+),
        ),
        span: 1..2,
    },
    Token {
        kind: Number(
            Ratio {
                numer: 1,
                denom: 1,
            },
        ),
        span: 3..4,
    },
    Token {
        kind: Number(
            Ratio {
                numer: 2,
                denom: 1,
            },
        ),
        span: 5..6,
    },
    Token {
        kind: RParen,
        span: 6..7,
    },
]
