---
source: src/parser/tests.rs
expression: ast
---
Expr(
    Infix {
        op: Geq,
        lhs: Lit(
            Int(
                Int {
                    value: 1,
                    radix: Dec,
                },
            ),
        ),
        rhs: Infix {
            op: Add,
            lhs: Lit(
                Int(
                    Int {
                        value: 2,
                        radix: Dec,
                    },
                ),
            ),
            rhs: Ident(
                InternedString(x),
            ),
        },
    },
)
