---
source: src/parser/tests.rs
expression: ast
---
Decl(
    Decl {
        pattern: Ident(
            InternedString(x),
        ),
        value: Lit(
            Int(
                Int {
                    value: 1,
                    radix: Dec,
                },
            ),
        ),
    },
)
