---
source: src/parser/tests.rs
expression: ast
---
Expr(
    Lit(
        List(
            List {
                head: Some(
                    Node {
                        data: Lit(
                            Int(
                                Int {
                                    value: 1,
                                    radix: Dec,
                                },
                            ),
                        ),
                        next: Some(
                            Node {
                                data: Lit(
                                    Int(
                                        Int {
                                            value: 2,
                                            radix: Dec,
                                        },
                                    ),
                                ),
                                next: Some(
                                    Node {
                                        data: Lit(
                                            Int(
                                                Int {
                                                    value: 3,
                                                    radix: Dec,
                                                },
                                            ),
                                        ),
                                        next: None,
                                    },
                                ),
                            },
                        ),
                    },
                ),
            },
        ),
    ),
)
