---
source: src/parser/tests.rs
expression: ast
---
Decl(
    Let(
        LetDecl {
            pattern: Ident(
                InternedString(x),
            ),
            value: Lit(
                Int(
                    Int {
                        value: 1,
                        radix: Dec,
                    },
                ),
            ),
        },
    ),
)
