---
source: src/parser/tests.rs
expression: tree
---
Some(
    Expr(
        If {
            cond: Lit(
                Bool(
                    true,
                ),
            ),
            then: Lit(
                Int(
                    1,
                ),
            ),
            else_: Lit(
                Int(
                    2,
                ),
            ),
        },
    ),
)
