---
source: miniml-syntax/src/parser.rs
expression: root
---
Spanned {
    value: Root {
        decls: [
            Spanned {
                value: Let {
                    name: Spanned {
                        value: InternedString(x),
                        span: Span {
                            start: 4,
                            end: 5,
                        },
                    },
                    expr: Spanned {
                        value: Lit(
                            Spanned {
                                value: Int(
                                    Int(
                                        1,
                                    ),
                                ),
                                span: Span {
                                    start: 8,
                                    end: 9,
                                },
                            },
                        ),
                        span: Span {
                            start: 8,
                            end: 9,
                        },
                    },
                    rec: false,
                },
                span: Span {
                    start: 0,
                    end: 9,
                },
            },
        ],
    },
    span: Span {
        start: 0,
        end: 9,
    },
}
