---
source: miniml-syntax/src/parser.rs
expression: expr
---
Spanned {
    value: Apply {
        fun: Spanned {
            value: Ident(
                Spanned {
                    value: InternedString(add),
                    span: Span {
                        start: 0,
                        end: 3,
                    },
                },
            ),
            span: Span {
                start: 0,
                end: 3,
            },
        },
        args: [
            Spanned {
                value: Lit(
                    Spanned {
                        value: Int(
                            Int(
                                1,
                            ),
                        ),
                        span: Span {
                            start: 4,
                            end: 5,
                        },
                    },
                ),
                span: Span {
                    start: 4,
                    end: 5,
                },
            },
            Spanned {
                value: If {
                    cond: Spanned {
                        value: Ident(
                            Spanned {
                                value: InternedString(x),
                                span: Span {
                                    start: 9,
                                    end: 10,
                                },
                            },
                        ),
                        span: Span {
                            start: 9,
                            end: 10,
                        },
                    },
                    then: Spanned {
                        value: Ident(
                            Spanned {
                                value: InternedString(y),
                                span: Span {
                                    start: 16,
                                    end: 17,
                                },
                            },
                        ),
                        span: Span {
                            start: 16,
                            end: 17,
                        },
                    },
                    elifs: [],
                    else_: Spanned {
                        value: Ident(
                            Spanned {
                                value: InternedString(z),
                                span: Span {
                                    start: 23,
                                    end: 24,
                                },
                            },
                        ),
                        span: Span {
                            start: 23,
                            end: 24,
                        },
                    },
                },
                span: Span {
                    start: 6,
                    end: 24,
                },
            },
        ],
    },
    span: Span {
        start: 0,
        end: 8,
    },
}
