---
source: miniml-syntax/src/parser.rs
expression: expr
---
Spanned {
    value: Lit(
        Spanned {
            value: Int(
                Int(
                    21,
                ),
            ),
            span: Span {
                start: 0,
                end: 7,
            },
        },
    ),
    span: Span {
        start: 0,
        end: 7,
    },
}
