---
source: miniml-syntax/src/parser.rs
expression: root
---
Spanned {
    value: Root {
        decls: [
            Spanned {
                value: Fn {
                    name: Spanned {
                        value: InternedString(add),
                        span: Span {
                            start: 3,
                            end: 6,
                        },
                    },
                    params: [
                        Spanned {
                            value: InternedString(x),
                            span: Span {
                                start: 7,
                                end: 8,
                            },
                        },
                        Spanned {
                            value: InternedString(y),
                            span: Span {
                                start: 9,
                                end: 10,
                            },
                        },
                    ],
                    body: Spanned {
                        value: Infix {
                            op: Spanned {
                                value: Add,
                                span: Span {
                                    start: 15,
                                    end: 16,
                                },
                            },
                            lhs: Spanned {
                                value: Ident(
                                    Spanned {
                                        value: InternedString(x),
                                        span: Span {
                                            start: 13,
                                            end: 14,
                                        },
                                    },
                                ),
                                span: Span {
                                    start: 13,
                                    end: 14,
                                },
                            },
                            rhs: Spanned {
                                value: Ident(
                                    Spanned {
                                        value: InternedString(y),
                                        span: Span {
                                            start: 17,
                                            end: 18,
                                        },
                                    },
                                ),
                                span: Span {
                                    start: 17,
                                    end: 18,
                                },
                            },
                        },
                        span: Span {
                            start: 13,
                            end: 18,
                        },
                    },
                },
                span: Span {
                    start: 0,
                    end: 18,
                },
            },
        ],
    },
    span: Span {
        start: 0,
        end: 18,
    },
}
