---
source: miniml-syntax/src/parser.rs
expression: root
---
Spanned {
    value: Root {
        decls: [
            Spanned {
                value: Const {
                    name: Spanned {
                        value: InternedString(x),
                        span: Span {
                            start: 6,
                            end: 7,
                        },
                    },
                    expr: Spanned {
                        value: Lit(
                            Spanned {
                                value: Int(
                                    Int(
                                        1,
                                    ),
                                ),
                                span: Span {
                                    start: 10,
                                    end: 11,
                                },
                            },
                        ),
                        span: Span {
                            start: 10,
                            end: 11,
                        },
                    },
                },
                span: Span {
                    start: 0,
                    end: 11,
                },
            },
        ],
    },
    span: Span {
        start: 0,
        end: 11,
    },
}
