---
source: miniml-syntax/src/parser.rs
expression: expr
---
Spanned {
    value: If {
        cond: Spanned {
            value: Ident(
                Spanned {
                    value: InternedString(x),
                    span: Span {
                        start: 3,
                        end: 4,
                    },
                },
            ),
            span: Span {
                start: 3,
                end: 4,
            },
        },
        then: Spanned {
            value: Ident(
                Spanned {
                    value: InternedString(y),
                    span: Span {
                        start: 10,
                        end: 11,
                    },
                },
            ),
            span: Span {
                start: 10,
                end: 11,
            },
        },
        elifs: [
            (
                Spanned {
                    value: Ident(
                        Spanned {
                            value: InternedString(a),
                            span: Span {
                                start: 17,
                                end: 18,
                            },
                        },
                    ),
                    span: Span {
                        start: 17,
                        end: 18,
                    },
                },
                Spanned {
                    value: Ident(
                        Spanned {
                            value: InternedString(b),
                            span: Span {
                                start: 24,
                                end: 25,
                            },
                        },
                    ),
                    span: Span {
                        start: 24,
                        end: 25,
                    },
                },
            ),
        ],
        else_: Spanned {
            value: Ident(
                Spanned {
                    value: InternedString(z),
                    span: Span {
                        start: 31,
                        end: 32,
                    },
                },
            ),
            span: Span {
                start: 31,
                end: 32,
            },
        },
    },
    span: Span {
        start: 0,
        end: 32,
    },
}
