---
source: miniml-syntax/src/parser.rs
expression: expr
---
Spanned {
    value: Infix {
        op: Spanned {
            value: Add,
            span: Span {
                start: 2,
                end: 3,
            },
        },
        lhs: Spanned {
            value: Lit(
                Spanned {
                    value: Int(
                        Int(
                            1,
                        ),
                    ),
                    span: Span {
                        start: 0,
                        end: 1,
                    },
                },
            ),
            span: Span {
                start: 0,
                end: 1,
            },
        },
        rhs: Spanned {
            value: Lit(
                Spanned {
                    value: Int(
                        Int(
                            2,
                        ),
                    ),
                    span: Span {
                        start: 4,
                        end: 5,
                    },
                },
            ),
            span: Span {
                start: 4,
                end: 5,
            },
        },
    },
    span: Span {
        start: 0,
        end: 5,
    },
}
