---
source: miniml-syntax/src/parser.rs
expression: expr
---
Spanned {
    value: Prefix {
        op: Spanned {
            value: Neg,
            span: Span {
                start: 0,
                end: 1,
            },
        },
        expr: Spanned {
            value: Ident(
                Spanned {
                    value: InternedString(x),
                    span: Span {
                        start: 1,
                        end: 2,
                    },
                },
            ),
            span: Span {
                start: 1,
                end: 2,
            },
        },
    },
    span: Span {
        start: 0,
        end: 2,
    },
}
