---
source: analysis/src/infer.rs
expression: "test_helper(\"1\")"
---
(
    Root {
        items: [
            Expr(
                Lit {
                    lit: Num(
                        Ratio {
                            numer: 1,
                            denom: 1,
                        },
                    ),
                    ty: Num,
                },
            ) @ 0..1,
        ],
    } @ 0..1,
    Context {
        vars: {},
    },
)
