---
source: syntax/src/parse.rs
expression: root.unwrap()
---
Root {
    items: [
        Expr(
            Apply {
                fun: Lambda {
                    params: [
                        Ident(
                            InternedString(a),
                        ) @ 2..3,
                        Ident(
                            InternedString(b),
                        ) @ 4..5,
                    ],
                    body: Infix {
                        op: Add @ 11..12,
                        lhs: Ident(
                            InternedString(a),
                        ) @ 9..10,
                        rhs: Ident(
                            InternedString(b),
                        ) @ 13..14,
                    } @ 9..14,
                } @ 0..15,
                args: [
                    Lit(
                        Num(
                            Ratio {
                                numer: 1,
                                denom: 1,
                            },
                        ),
                    ) @ 16..17,
                    Lit(
                        Num(
                            Ratio {
                                numer: 2,
                                denom: 1,
                            },
                        ),
                    ) @ 18..19,
                ],
            },
        ) @ 0..19,
    ],
} @ 0..19
