---
source: src/syntax/parse.rs
expression: root.unwrap()
---
Root {
    items: [
        Expr(
            Lit(
                Num(
                    Ratio {
                        numer: 1,
                        denom: 1,
                    },
                ),
            ),
        ) @ 0..1,
    ],
} @ 0..1
